scons: Reading SConscript files ...
Mkdir("/home/nier/DX100/build/X86/gem5.build")
Checking for linker -Wl,--as-needed support... (cached) yes
Checking for compiler -gz support... (cached) yes
Checking for linker -gz support... (cached) yes
Info: Using Python config: python3-config
Checking for C header file Python.h... (cached) yes
Checking Python version... (cached) 3.9.25
Checking for accept(0,0,0) in C++ library None... (cached) yes
Checking for zlibVersion() in C++ library z... (cached) yes
Checking for C library tcmalloc_minimal... (cached) no
Checking for C library tcmalloc... (cached) no
Warning: You can get a 12% performance improvement by installing tcmalloc
         (libgoogle-perftools-dev package on Ubuntu or RedHat).
Building in /home/nier/DX100/build/X86
"build_tools/kconfig_base.py" "/home/nier/DX100/build/X86/gem5.build/Kconfig" "/home/nier/DX100/src/Kconfig"
Checking size of struct kvm_xsave ... (cached) yes
Checking for C header file fenv.h... (cached) yes
Checking for C header file png.h... (cached) yes
Checking for clock_nanosleep(0,0,NULL,NULL) in C library None... (cached) yes
Checking for C header file valgrind/valgrind.h... (cached) yes
Checking for pkg-config package hdf5-serial... (cached) no
Checking for pkg-config package hdf5... (cached) no
Checking for H5Fcreate("", 0, 0, 0) in C library hdf5... (cached) yes
Checking for H5::H5File("", 0) in C++ library hdf5_cpp... (cached) yes
Checking for C header file capstone/capstone.h... (cached) no
Warning: Header file <capstone/capstone.h> not found.
         This host has no capstone library installed.
Checking for C header file linux/kvm.h... (cached) yes
Checking for timer_create(CLOCK_MONOTONIC, NULL, NULL) in C library None... (cached) yes
Checking for member exclude_host in struct perf_event_attr...(cached) yes
Checking for C header file linux/if_tun.h... (cached) yes
Checking for shm_open("/test", 0, 0) in C library None... (cached) yes
Warning: While checking protoc version: [Errno 2] No such file or directory:
         'protoc'
Warning: Protocol buffer compiler (protoc) not found.
         Please install protobuf-compiler for tracing support.
Checking for backtrace_symbols_fd((void *)1, 0, 0) in C library None... (cached) yes
Checking whether __i386__ is declared... (cached) no
Checking whether __x86_64__ is declared... (cached) yes
Checking for compiler -Wno-self-assign-overloaded support... (cached) yes
Checking for linker -Wno-free-nonheap-object support... yes
scons: done reading SConscript files.
scons: Building targets ...
 [ISA DESC] src/arch/x86/isa/main.isa -> X86/arch/x86/generated/decoder-g.cc.inc, X86/arch/x86/generated/decoder-ns.cc.inc, X86/arch/x86/generated/decode-method.cc.inc, X86/arch/x86/generated/decoder.hh, X86/arch/x86/generated/decoder-g.hh.inc, X86/arch/x86/generated/decoder-ns.hh.inc, X86/arch/x86/generated/exec-g.cc.inc, X86/arch/x86/generated/exec-ns.cc.inc, X86/arch/x86/generated/decoder.cc, X86/arch/x86/generated/inst-constrs.cc, X86/arch/x86/generated/generic_cpu_exec.cc
Generating LALR tables
 [VER TAGS]  -> X86/sim/tags.cc
 [    LINK]  -> X86/gem5.opt
scons: done building targets.
*** Summary of Warnings ***
Warning: You can get a 12% performance improvement by installing tcmalloc
         (libgoogle-perftools-dev package on Ubuntu or RedHat).
Warning: Header file <capstone/capstone.h> not found.
         This host has no capstone library installed.
Warning: While checking protoc version: [Errno 2] No such file or directory:
         'protoc'
Warning: Protocol buffer compiler (protoc) not found.
         Please install protobuf-compiler for tracing support.
