warn: The se.py script is deprecated. It will be removed in future releases of  gem5.
Global frequency set at 1000000000000 ticks per second
src/mem/dram_interface.cc:690: warn: DRAM device capacity (8192 Mbytes) does not match the address range assigned (1024 Mbytes)
src/base/statistics.hh:279: warn: One of the stats is a legacy stat. Legacy stat is a stat that does not belong to any statistics::Group. Legacy stat is deprecated.
src/base/remote_gdb.cc:418: warn: Sockets disabled, not accepting gdb connections
gem5 Simulator System.  https://www.gem5.org
gem5 is copyrighted software; use the --copyright option for details.

gem5 version 23.1.0.0
gem5 compiled Jun  3 2026 19:39:47
gem5 started Jun  3 2026 20:45:29
gem5 executing on caen-vnc-mi10.engin.umich.edu, pid 3344408
command line: build/X86/gem5.opt --outdir=/home/nier/DX100/ckpt_cache/MAA_gather_allhit_20000 /home/nier/DX100/configs/deprecated/example/se.py --cpu-type AtomicSimpleCPU -n 4 --mem-size 1GB --max-checkpoints=1 --cmd /home/nier/DX100/benchmarks/API/test_T16K.o --options '20000 MAA gather allhit'

info: Standard input is not a terminal, disabling listeners.
Creating memory controllers for [<m5.params.AddrRange object at 0x7fb5a8693ee0>] memory ranges and 1 memory channels
Memory controllers created
Running simulation from SE python script...
**** REAL SIMULATION ****
src/sim/simulate.cc:199: info: Entering event queue @ 0.  Starting simulation...
src/sim/mem_state.cc:448: info: Increasing stack size by one page.
src/base/loader/symtab.cc:95: warn: Cannot insert a new symbol table due to name collisions. Adding prefix to each symbol's name can resolve this issue.
src/base/loader/symtab.cc:95: warn: Cannot insert a new symbol table due to name collisions. Adding prefix to each symbol's name can resolve this issue.
src/base/loader/symtab.cc:95: warn: Cannot insert a new symbol table due to name collisions. Adding prefix to each symbol's name can resolve this issue.
src/base/loader/symtab.cc:95: warn: Cannot insert a new symbol table due to name collisions. Adding prefix to each symbol's name can resolve this issue.
src/sim/syscall_emul.cc:74: warn: ignoring syscall set_robust_list(...)
src/sim/syscall_emul.cc:74: warn: ignoring syscall rseq(...)
src/sim/syscall_emul.cc:74: warn: ignoring syscall mprotect(...)
src/sim/syscall_emul.cc:74: warn: ignoring syscall mprotect(...)
src/sim/syscall_emul.cc:74: warn: ignoring syscall mprotect(...)
src/sim/syscall_emul.cc:74: warn: ignoring syscall mprotect(...)
src/sim/syscall_emul.cc:74: warn: ignoring syscall mprotect(...)
src/sim/syscall_emul.cc:74: warn: ignoring syscall mprotect(...)
initializing general arrays: 20000 elements
initializing a1
initializing a2
initializing b
Checkpointing started
src/sim/process.cc:382: warn: Checkpoints for pipes, device drivers and sockets do not work.
Writing checkpoint
Exiting @ tick 3537616500 because checkpoint
